// Jest Snapshot v1, https://goo.gl/fbAQLP

exports[`indexes creates indexes on collection 1`] = `
{
  "_id_": [
    [
      "_id",
      1,
    ],
  ],
}
`;

exports[`indexes creates indexes on collection 2`] = `
{
  "_id_": [
    [
      "_id",
      1,
    ],
  ],
  "ack_1": [
    [
      "ack",
      1,
    ],
  ],
  "deleted_1_visible_1": [
    [
      "deleted",
      1,
    ],
    [
      "visible",
      1,
    ],
  ],
}
`;
